<?xml version="1.0" encoding="UTF-8"?>
<TestRun id="f19f3e8a-bab8-4eb1-8b2b-e6e357ecb7f6" name="ted.spence@AV-E6420-0885 2012-07-26 21:50:18" runUser="SANJUAN\ted.spence" xmlns="http://microsoft.com/schemas/VisualStudio/TeamTest/2010">
  <TestSettings name="Local" id="26f8abad-c228-4580-b422-42932cdd298a">
    <Description>These are default test settings for a local test run.</Description>
    <Deployment enabled="false" runDeploymentRoot="ted.spence_AV-E6420-0885 2012-07-26 21_50_18">
      <DeploymentItem filename="C:\svn\CSVFile\CSVFile\CSVFile\bin\Debug\CSVFile.dll" />
    </Deployment>
    <Execution>
      <TestTypeSpecific />
      <AgentRule name="Execution Agents">
      </AgentRule>
    </Execution>
  </TestSettings>
  <Times creation="2012-07-26T21:50:18.1213299-07:00" queuing="2012-07-26T21:50:18.1485135-07:00" start="2012-07-26T21:50:18.1535475-07:00" finish="2012-07-26T21:50:18.3700095-07:00" />
  <ResultSummary outcome="Failed">
    <Counters total="8" executed="8" passed="7" error="0" failed="1" timeout="0" aborted="0" inconclusive="0" passedButRunAborted="0" notRunnable="0" notExecuted="0" disconnected="0" warning="0" completed="0" inProgress="0" pending="0" />
  </ResultSummary>
  <TestDefinitions>
    <UnitTest name="TestMethod1" storage="c:\svn\csvfile\csvfile\csvtestsuite\bin\debug\csvtestsuite.dll" id="a7e98abc-207b-99ba-5e53-b3304ba4e478">
      <Execution id="85fdf028-16f4-44cd-923a-06dd8cea49b3" />
      <TestMethod codeBase="C:/svn/CSVFile/CSVFile/CSVTestSuite/bin/Debug/CSVTestSuite.DLL" adapterTypeName="Microsoft.VisualStudio.TestTools.TestTypes.Unit.UnitTestAdapter, Microsoft.VisualStudio.QualityTools.Tips.UnitTest.Adapter, Version=10.0.0.0, Culture=neutral, PublicKeyToken=b03f5f7f11d50a3a" className="CSVTestSuite.StreamReaderTest, CSVTestSuite, Version=1.0.0.0, Culture=neutral, PublicKeyToken=null" name="TestMethod1" />
    </UnitTest>
    <UnitTest name="ParseTSV" storage="c:\svn\csvfile\csvfile\csvtestsuite\bin\debug\csvtestsuite.dll" id="9b9e845b-4cd0-5430-9d15-3af5b7ca59cf">
      <Execution id="5e543996-93c5-4958-a392-1a8ea612b44f" />
      <TestMethod codeBase="C:/svn/CSVFile/CSVFile/CSVTestSuite/bin/Debug/CSVTestSuite.DLL" adapterTypeName="Microsoft.VisualStudio.TestTools.TestTypes.Unit.UnitTestAdapter, Microsoft.VisualStudio.QualityTools.Tips.UnitTest.Adapter, Version=10.0.0.0, Culture=neutral, PublicKeyToken=b03f5f7f11d50a3a" className="CSVTestSuite.BasicParseTests, CSVTestSuite, Version=1.0.0.0, Culture=neutral, PublicKeyToken=null" name="ParseTSV" />
    </UnitTest>
    <UnitTest name="TestWritingLines" storage="c:\svn\csvfile\csvfile\csvtestsuite\bin\debug\csvtestsuite.dll" id="5acecdfe-08b9-da60-f7eb-fc08c674f479">
      <Execution id="52c7e991-afe2-4a33-9ffd-5f2c42165c19" />
      <TestMethod codeBase="C:/svn/CSVFile/CSVFile/CSVTestSuite/bin/Debug/CSVTestSuite.DLL" adapterTypeName="Microsoft.VisualStudio.TestTools.TestTypes.Unit.UnitTestAdapter, Microsoft.VisualStudio.QualityTools.Tips.UnitTest.Adapter, Version=10.0.0.0, Culture=neutral, PublicKeyToken=b03f5f7f11d50a3a" className="CSVTestSuite.WriterTest, CSVTestSuite, Version=1.0.0.0, Culture=neutral, PublicKeyToken=null" name="TestWritingLines" />
    </UnitTest>
    <UnitTest name="TestBasicDataTable" storage="c:\svn\csvfile\csvfile\csvtestsuite\bin\debug\csvtestsuite.dll" id="b474fab7-0377-1ebc-a1bf-f6165c2e9f4d">
      <Execution id="8cf35922-63b1-4dca-b0f1-b6bf430e38bc" />
      <TestMethod codeBase="C:/svn/CSVFile/CSVFile/CSVTestSuite/bin/Debug/CSVTestSuite.DLL" adapterTypeName="Microsoft.VisualStudio.TestTools.TestTypes.Unit.UnitTestAdapter, Microsoft.VisualStudio.QualityTools.Tips.UnitTest.Adapter, Version=10.0.0.0, Culture=neutral, PublicKeyToken=b03f5f7f11d50a3a" className="CSVTestSuite.DataTableReaderTest, CSVTestSuite, Version=1.0.0.0, Culture=neutral, PublicKeyToken=null" name="TestBasicDataTable" />
    </UnitTest>
    <UnitTest name="ParseTextQualifiedCSV" storage="c:\svn\csvfile\csvfile\csvtestsuite\bin\debug\csvtestsuite.dll" id="d908f60d-72bd-6d21-8d8f-1487796b5c1e">
      <Execution id="5ed86c5e-ffb6-4719-9962-e87361ff3b21" />
      <TestMethod codeBase="C:/svn/CSVFile/CSVFile/CSVTestSuite/bin/Debug/CSVTestSuite.DLL" adapterTypeName="Microsoft.VisualStudio.TestTools.TestTypes.Unit.UnitTestAdapter, Microsoft.VisualStudio.QualityTools.Tips.UnitTest.Adapter, Version=10.0.0.0, Culture=neutral, PublicKeyToken=b03f5f7f11d50a3a" className="CSVTestSuite.BasicParseTests, CSVTestSuite, Version=1.0.0.0, Culture=neutral, PublicKeyToken=null" name="ParseTextQualifiedCSV" />
    </UnitTest>
    <UnitTest name="TestFailingCSVLine" storage="c:\svn\csvfile\csvfile\csvtestsuite\bin\debug\csvtestsuite.dll" id="895d8cd3-f1a1-20b6-2512-9eb78f385bca">
      <Execution id="772d89f8-df6b-4aa5-8880-a84d5dc9e607" />
      <TestMethod codeBase="C:/svn/CSVFile/CSVFile/CSVTestSuite/bin/Debug/CSVTestSuite.DLL" adapterTypeName="Microsoft.VisualStudio.TestTools.TestTypes.Unit.UnitTestAdapter, Microsoft.VisualStudio.QualityTools.Tips.UnitTest.Adapter, Version=10.0.0.0, Culture=neutral, PublicKeyToken=b03f5f7f11d50a3a" className="CSVTestSuite.BasicParseTests, CSVTestSuite, Version=1.0.0.0, Culture=neutral, PublicKeyToken=null" name="TestFailingCSVLine" />
    </UnitTest>
    <UnitTest name="ParseTextQualifiedCSVWithSpacing" storage="c:\svn\csvfile\csvfile\csvtestsuite\bin\debug\csvtestsuite.dll" id="6e862f7d-1f5c-7d0a-5ea4-bb11f5c8c79f">
      <Execution id="ac64252b-e002-445f-801a-70cf7bde97cc" />
      <TestMethod codeBase="C:/svn/CSVFile/CSVFile/CSVTestSuite/bin/Debug/CSVTestSuite.DLL" adapterTypeName="Microsoft.VisualStudio.TestTools.TestTypes.Unit.UnitTestAdapter, Microsoft.VisualStudio.QualityTools.Tips.UnitTest.Adapter, Version=10.0.0.0, Culture=neutral, PublicKeyToken=b03f5f7f11d50a3a" className="CSVTestSuite.BasicParseTests, CSVTestSuite, Version=1.0.0.0, Culture=neutral, PublicKeyToken=null" name="ParseTextQualifiedCSVWithSpacing" />
    </UnitTest>
    <UnitTest name="ParseBasicCSV" storage="c:\svn\csvfile\csvfile\csvtestsuite\bin\debug\csvtestsuite.dll" id="8baacc99-8db4-caee-f32a-90006b83b06c">
      <Execution id="9a64f80c-a320-4775-8362-2ae15c5bdf36" />
      <TestMethod codeBase="C:/svn/CSVFile/CSVFile/CSVTestSuite/bin/Debug/CSVTestSuite.DLL" adapterTypeName="Microsoft.VisualStudio.TestTools.TestTypes.Unit.UnitTestAdapter, Microsoft.VisualStudio.QualityTools.Tips.UnitTest.Adapter, Version=10.0.0.0, Culture=neutral, PublicKeyToken=b03f5f7f11d50a3a" className="CSVTestSuite.BasicParseTests, CSVTestSuite, Version=1.0.0.0, Culture=neutral, PublicKeyToken=null" name="ParseBasicCSV" />
    </UnitTest>
  </TestDefinitions>
  <TestLists>
    <TestList name="Results Not in a List" id="8c84fa94-04c1-424b-9868-57a2d4851a1d" />
    <TestList name="All Loaded Results" id="19431567-8539-422a-85d7-44ee4e166bda" />
  </TestLists>
  <TestEntries>
    <TestEntry testId="5acecdfe-08b9-da60-f7eb-fc08c674f479" executionId="52c7e991-afe2-4a33-9ffd-5f2c42165c19" testListId="8c84fa94-04c1-424b-9868-57a2d4851a1d" />
    <TestEntry testId="6e862f7d-1f5c-7d0a-5ea4-bb11f5c8c79f" executionId="ac64252b-e002-445f-801a-70cf7bde97cc" testListId="8c84fa94-04c1-424b-9868-57a2d4851a1d" />
    <TestEntry testId="895d8cd3-f1a1-20b6-2512-9eb78f385bca" executionId="772d89f8-df6b-4aa5-8880-a84d5dc9e607" testListId="8c84fa94-04c1-424b-9868-57a2d4851a1d" />
    <TestEntry testId="8baacc99-8db4-caee-f32a-90006b83b06c" executionId="9a64f80c-a320-4775-8362-2ae15c5bdf36" testListId="8c84fa94-04c1-424b-9868-57a2d4851a1d" />
    <TestEntry testId="9b9e845b-4cd0-5430-9d15-3af5b7ca59cf" executionId="5e543996-93c5-4958-a392-1a8ea612b44f" testListId="8c84fa94-04c1-424b-9868-57a2d4851a1d" />
    <TestEntry testId="a7e98abc-207b-99ba-5e53-b3304ba4e478" executionId="85fdf028-16f4-44cd-923a-06dd8cea49b3" testListId="8c84fa94-04c1-424b-9868-57a2d4851a1d" />
    <TestEntry testId="b474fab7-0377-1ebc-a1bf-f6165c2e9f4d" executionId="8cf35922-63b1-4dca-b0f1-b6bf430e38bc" testListId="8c84fa94-04c1-424b-9868-57a2d4851a1d" />
    <TestEntry testId="d908f60d-72bd-6d21-8d8f-1487796b5c1e" executionId="5ed86c5e-ffb6-4719-9962-e87361ff3b21" testListId="8c84fa94-04c1-424b-9868-57a2d4851a1d" />
  </TestEntries>
  <Results>
    <UnitTestResult executionId="52c7e991-afe2-4a33-9ffd-5f2c42165c19" testId="5acecdfe-08b9-da60-f7eb-fc08c674f479" testName="TestWritingLines" computerName="AV-E6420-0885" duration="00:00:00.0145674" startTime="2012-07-26T21:50:18.1555611-07:00" endTime="2012-07-26T21:50:18.3297375-07:00" testType="13cdc9d9-ddb5-4fa4-a97d-d965ccfc6d4b" outcome="Passed" testListId="8c84fa94-04c1-424b-9868-57a2d4851a1d" relativeResultsDirectory="52c7e991-afe2-4a33-9ffd-5f2c42165c19">
    </UnitTestResult>
    <UnitTestResult executionId="ac64252b-e002-445f-801a-70cf7bde97cc" testId="6e862f7d-1f5c-7d0a-5ea4-bb11f5c8c79f" testName="ParseTextQualifiedCSVWithSpacing" computerName="AV-E6420-0885" duration="00:00:00.0029741" startTime="2012-07-26T21:50:18.3297375-07:00" endTime="2012-07-26T21:50:18.3347715-07:00" testType="13cdc9d9-ddb5-4fa4-a97d-d965ccfc6d4b" outcome="Passed" testListId="8c84fa94-04c1-424b-9868-57a2d4851a1d" relativeResultsDirectory="ac64252b-e002-445f-801a-70cf7bde97cc">
    </UnitTestResult>
    <UnitTestResult executionId="772d89f8-df6b-4aa5-8880-a84d5dc9e607" testId="895d8cd3-f1a1-20b6-2512-9eb78f385bca" testName="TestFailingCSVLine" computerName="AV-E6420-0885" duration="00:00:00.0002514" startTime="2012-07-26T21:50:18.3357783-07:00" endTime="2012-07-26T21:50:18.3377919-07:00" testType="13cdc9d9-ddb5-4fa4-a97d-d965ccfc6d4b" outcome="Passed" testListId="8c84fa94-04c1-424b-9868-57a2d4851a1d" relativeResultsDirectory="772d89f8-df6b-4aa5-8880-a84d5dc9e607">
    </UnitTestResult>
    <UnitTestResult executionId="9a64f80c-a320-4775-8362-2ae15c5bdf36" testId="8baacc99-8db4-caee-f32a-90006b83b06c" testName="ParseBasicCSV" computerName="AV-E6420-0885" duration="00:00:00.0002398" startTime="2012-07-26T21:50:18.3387987-07:00" endTime="2012-07-26T21:50:18.3408123-07:00" testType="13cdc9d9-ddb5-4fa4-a97d-d965ccfc6d4b" outcome="Passed" testListId="8c84fa94-04c1-424b-9868-57a2d4851a1d" relativeResultsDirectory="9a64f80c-a320-4775-8362-2ae15c5bdf36">
    </UnitTestResult>
    <UnitTestResult executionId="5e543996-93c5-4958-a392-1a8ea612b44f" testId="9b9e845b-4cd0-5430-9d15-3af5b7ca59cf" testName="ParseTSV" computerName="AV-E6420-0885" duration="00:00:00.0002386" startTime="2012-07-26T21:50:18.3418191-07:00" endTime="2012-07-26T21:50:18.3448395-07:00" testType="13cdc9d9-ddb5-4fa4-a97d-d965ccfc6d4b" outcome="Passed" testListId="8c84fa94-04c1-424b-9868-57a2d4851a1d" relativeResultsDirectory="5e543996-93c5-4958-a392-1a8ea612b44f">
    </UnitTestResult>
    <UnitTestResult executionId="85fdf028-16f4-44cd-923a-06dd8cea49b3" testId="a7e98abc-207b-99ba-5e53-b3304ba4e478" testName="TestMethod1" computerName="AV-E6420-0885" duration="00:00:00.0001808" startTime="2012-07-26T21:50:18.3448395-07:00" endTime="2012-07-26T21:50:18.3458463-07:00" testType="13cdc9d9-ddb5-4fa4-a97d-d965ccfc6d4b" outcome="Passed" testListId="8c84fa94-04c1-424b-9868-57a2d4851a1d" relativeResultsDirectory="85fdf028-16f4-44cd-923a-06dd8cea49b3">
    </UnitTestResult>
    <UnitTestResult executionId="8cf35922-63b1-4dca-b0f1-b6bf430e38bc" testId="b474fab7-0377-1ebc-a1bf-f6165c2e9f4d" testName="TestBasicDataTable" computerName="AV-E6420-0885" duration="00:00:00.0130152" startTime="2012-07-26T21:50:18.3458463-07:00" endTime="2012-07-26T21:50:18.3589347-07:00" testType="13cdc9d9-ddb5-4fa4-a97d-d965ccfc6d4b" outcome="Failed" testListId="8c84fa94-04c1-424b-9868-57a2d4851a1d" relativeResultsDirectory="8cf35922-63b1-4dca-b0f1-b6bf430e38bc">
      <Output>
        <ErrorInfo>
          <Message>Assert.AreEqual failed. Expected:&lt;Private Practice&gt;. Actual:&lt;Doctor&gt;. </Message>
          <StackTrace>   at CSVTestSuite.DataTableReaderTest.TestBasicDataTable() in C:\svn\CSVFile\CSVFile\CSVTestSuite\DataTableReaderTest.cs:line 35
</StackTrace>
        </ErrorInfo>
      </Output>
    </UnitTestResult>
    <UnitTestResult executionId="5ed86c5e-ffb6-4719-9962-e87361ff3b21" testId="d908f60d-72bd-6d21-8d8f-1487796b5c1e" testName="ParseTextQualifiedCSV" computerName="AV-E6420-0885" duration="00:00:00.0014778" startTime="2012-07-26T21:50:18.3599415-07:00" endTime="2012-07-26T21:50:18.3619551-07:00" testType="13cdc9d9-ddb5-4fa4-a97d-d965ccfc6d4b" outcome="Passed" testListId="8c84fa94-04c1-424b-9868-57a2d4851a1d" relativeResultsDirectory="5ed86c5e-ffb6-4719-9962-e87361ff3b21">
    </UnitTestResult>
  </Results>
</TestRun>